stm32wbxx_ll_rcc.h:1667:22:LL_RCC_LSE_SetDriveCapability	16	static
stm32wbxx_ll_bus.h:540:22:LL_AHB2_GRP1_EnableClock	24	static
main.c:67:5:randomInt	16	static
main.c:71:6:displayFourDigitNr	56	static
main.c:81:6:gameState	24	static
main.c:192:6:toNextState	8	static
main.c:199:6:HAL_GPIO_EXTI_Callback	16	static
main.c:216:6:HAL_TIM_PeriodElapsedCallback	24	static
main.c:275:5:main	8	static
main.c:327:6:SystemClock_Config	192	static
main.c:409:13:MX_TIM1_Init	40	static
main.c:456:13:MX_USART1_UART_Init	8	static
main.c:504:13:MX_USB_PCD_Init	8	static
main.c:537:13:MX_GPIO_Init	32	static
main.c:612:6:Error_Handler	4	static,ignoring_inline_asm
